== caldera [tower len 96/96]: winner Alpha (retake) | counts 45 vs 92 (score 45/92) | best push A 50.8m B 13.4m | OT 8s | sim 308s
   held A 174.8s B 122.8s | contested 4.8s (11×) | neutral 10.3s | control changes 17 (takes 18) | idle→neutral 1
   checkpoints cleared A 1 B 0 (reached 2/0, refills 1/0) | riders avg while held A 1.29 B 0.98 | mounts 34/33
   left empty while held: 26× (>2 s: 12, of those with a teammate up within 15 m: 8; team wiped: 3; longest 4.8s; [5,5,5,4.5,4,3.75]) | off the tower {"death":38,"role":22,"fell":6,"refill":1}, last one off a held tower {"death":20,"role":3,"fell":2}
   teams: A [brush/wail bow/strike shooter/zooka twins/stamp] | B [spinner/crab brush/barrage mitts/slam bow/strike] | ride s by kind {"brush":50,"bow":77,"shooter":118,"twins":23,"spinner":39,"mitts":42}
   roles (% of bot-time) {"escort":22,"ride":48} | riding 14.2% | holding on purpose 0.4%
   stuck 0% | by the tower's side 4.5% of bot-time, stuck there 0s (0 episodes) | splats 137 (water 0) | specials 14 (ready 17) | super jumps 65 | turf 25.1/12.9 | sim 308s in 71s (wall 71s) | {"cpuSimMs":1.42}
   control log 10.2:B@0 10.3:A@-0.1 47.1:N@27.2 47.2:B@27.1 62.4:A@0.6 63.8:B@1.9 74.8:A@-11.6 118.8:B@50.8 155.8:A@-4.4 173.3:B@20.5 195.1:A@-7.7 202.7:B@3.5 202.9:A@3.3 206.8:B@6.6 219.3:A@-13.4 248.4:B@26.6 263.9:A@1.2 298.5:B@45.3 308:A@30
   checkpoint log 37.3:A0c 123.8:A1r
   X {"climbs":[27,34],"sjRider":18,"kills":137,"killsNear":[58,77],"attempts":195,"boarded":51,"aborted":141,"climbMounts":42,"sjMounts":2,"toBoard":{"med":2.25,"p80":6.5},"nearBoard":{"med":1.25,"p80":2.5,"under6":43,"n":45},"stanceT":[[292.75,15],[288,19.75]],"stanceSw":[12,10],"ridersThreat":[1.26,0.97],"ridersSafe":[1.83,1.14],"heldThreatS":[167.5,115.75],"heldSafeS":[7.25,7],"escortDist":13.4,"escortWithin12":76,"water":[],"offWhy":{"near:climb":15,"far":3,"sj":14,"role:escort":1,"near:hop":1,"mode:refill":2,"approach":2},"abortWhy":{"role":56,"death":85},"steamEps":[6,5],"steamEpMed":[1.5,4.25],"ridersSafe3s":[3,1.43],"aliveSafe3s":[4,4],"safe3sS":[0.5,3.5],"escortMed":6.048706232621413,"escortP80":13.664072054359599,"backupMed":4.892740439075782}
   escort hot: held 209.25s | riders 1.09 | full steam 1% | escort dist med 6.34 p80 13.04, along the track med -2.14 m | screening 27% | fighting 53% | our ink 2–12 m ahead 54% | place {"esc:behind":38,"esc:beside":19,"esc:far":14,"esc:ahead":19,"esc:wayAhead":11}
   escort warm: held 35.75s | riders 1.57 | full steam 9% | escort dist med 5.15 p80 11.04, along the track med -1.49 m | screening 30% | fighting 20% | our ink 2–12 m ahead 64% | place {"esc:behind":38,"esc:far":7,"esc:beside":19,"esc:ahead":26,"esc:wayAhead":9}
   escort cold: held 52.5s | riders 1.15 | full steam 18% | escort dist med 4.85 p80 11.55, along the track med -2.6 m | screening 0% | fighting 16% | our ink 2–12 m ahead 56% | place {"esc:behind":47,"esc:far":11,"esc:beside":16,"esc:ahead":18,"esc:wayAhead":8}
   escort: riders held-time by count 0–4 [59.25,136,97.75,4,0.5] | full steam total [15,19.75]s, full-steam-while-hot episodes [5,1] | escort by the next checkpoint [27,0]% | deck ink [66,66]% | riders hidden (threat / safe) [38,20]% of [329,21.25] rider-s | deaths while riding 40 [40,0] = 6.85/rider-min | rolling home [0.25,19]s, riders hopped off for it [0,5]× ([0,5.5]s)
   escort slots hot: {"lead:behind":8,"cp:behind":0,"backup:beside":14,"backup:behind":26,"lead:far":5,"cp:far":2,"backup:ahead":9,"flank:far":1,"backup:far":6,"flank:behind":3,"lead:ahead":8,"flank:beside":1,"lead:beside":3,"lead:wayAhead":5,"cp:beside":0,"cp:ahead":1,"backup:wayAhead":2,"cp:wayAhead":3,"flank:ahead":1,"flank:wayAhead":0} | painting escorts: goal along med 4.6205333333333485 (p20 0.9439999999999351) vs them -14.535999999998193, arrived 6%, fighting 53% of 1069 {"lead":90,"cp":32,"backup":103,"flank":21}
   escort slots warm: {"backup:behind":27,"cp:far":3,"backup:beside":15,"lead:far":3,"backup:ahead":12,"lead:beside":4,"lead:ahead":13,"lead:behind":6,"lead:wayAhead":4,"cp:wayAhead":3,"backup:wayAhead":1,"flank:behind":2,"flank:ahead":0,"cp:ahead":0,"backup:far":2,"cp:behind":3,"flank:wayAhead":1} | painting escorts: goal along med 2.1725333333334973 (p20 0.5549333333334765) vs them -0.046133333333287396, arrived 10%, fighting 20% of 216 {"backup":81,"cp":16,"lead":51,"flank":2}
   escort slots cold: {"backup:behind":35,"lead:far":4,"cp:far":0,"backup:beside":10,"lead:ahead":8,"lead:beside":4,"cp:beside":0,"lead:behind":10,"lead:wayAhead":4,"cp:wayAhead":2,"flank:far":3,"backup:wayAhead":3,"backup:ahead":9,"flank:behind":1,"backup:far":3,"cp:ahead":1,"cp:behind":2,"flank:beside":1} | painting escorts: goal along med 2.642666666668246 (p20 0.8002666666667952) vs them -2.5311999999998784, arrived 7%, fighting 16% of 251 {"lead":56,"backup":105,"cp":13,"flank":6}
   roles A P1/brush             EErrrrrrrr......SSRRRRRRRRRRRRRRRRRR......rrrrrrrrr.....SSSrrRR.....SSSEEEBBBBBBBBB.....SSSREEEEEEEEEEEEEEEEEEEEEE......Srrrrrrrrrr......SSr......SSrr
   roles A Fizz/bow             EErrrrrrrEErrRRRBBBBBBBBBBBBBBBBBBBBBrrr.....BBEEEErrrrr.....EErrrrrrrrrRRRRRRRRRRRRRRRRRRRRRRRRRRRRRRRRRRRRRRREBBBBBrrr......SSrr......rrrrrrrr.....E
   roles A Tako/shooter         rrrrrrrrrEBrrRRRRRRRRRRRRRRRRRR......SSrR......EEEEErrrrr......EEEEEEErrrrRRRRRRRRRRRRRRRRRRRRRRRRRRRRRRRRRRRRRRRRRRR.....EErrrrEErrrr.....SSSr......S
   roles A Pip/twins            rrrrrrrrrrR.....EEEEEEEEEEEEEEEEEEErR......rrrrrrrrr.....ErrrrBrrrrrrr.....SSSEEEEEBBBBBBBBBBBBBBBBBBBBBBBBBBBBBrr.....SSSr......EErrrrrrr......rrrrrr
   roles B Marlo/spinner        EErrrrrrrErrrrrrr.....SSr......EEErrrrrrrrrrrrrRRRRErRRRRRRRR......SSRRRRR......SSr.....Srrrrr.....rrrrr......EErrrrrrrrrRRRRRREEEErrErrEErBBBBBrrrrrr
   roles B Drip/brush           EErrrrrrrE......EErrrrr......EErrrr.....SSSErrrrERrRRRRRRRRRRR.....SSSE.....EErrrrrrr.....SSSr.....rEEE......EErrrrrrrRR.....EEEEEEEE.....SSSEEEBrrrrr
   roles B Moxie/mitts          rrrrrrrrrr.....SSSr.....EErrrrr.....rrrrr......SSEEEEEEEEEEEEErRRRRR......rrrrrrr.....Errrrr.....Srrrr......rrr......EBBrRREEEBrRRRRRRRRRREEERR.....SS
   roles B Juno/bow             rrrrrrrrrr.....SSS......rrrrrrrrrr......SSrrrrrRRBBBBBBBBBBBBBrBBBBBrBBBBBrrrr.....rrrrrr.....Errr.....rrrrrrrrr.....EEEBBBBBBEBBBBBBBBBBBrRRRRRR.....
   stuck {"t":202.5,"name":"Fizz","w":"bow","mode":"refill","role":"ride","pos":[4.9,0,-21.4],"tower":25.3,"path":true,"dur":0.75}
   stuck {"t":282.3,"name":"Pip","w":"twins","mode":"fight","role":"ride","pos":[-0.1,1.75,28.8],"tower":3.6,"path":false,"dur":0.25}
CONSOLE 1 unique warning/error line(s)
  [warning] [inkwave] no lightmap for caldera Unexpected token 'N', "Not found" is not valid JSON
RESULT_JSON {"map":"caldera","winner":0,"reason":"retake","counts":[45,92],"best":[50.8,13.4],"held":[174.8,122.8],"controlChanges":17,"cpClear":[1,0],"stuckPct":0,"console":1,"frameErrors":0,"mounts":[34,33],"ridersAvg":[1.29,0.98],"x":{"climbs":[27,34],"sjRider":18,"kills":137,"killsNear":[58,77],"attempts":195,"boarded":51,"aborted":141,"climbMounts":42,"sjMounts":2,"toBoard":{"med":2.25,"p80":6.5},"nearBoard":{"med":1.25,"p80":2.5,"under6":43,"n":45},"stanceT":[[292.75,15],[288,19.75]],"stanceSw":[12,10],"ridersThreat":[1.26,0.97],"ridersSafe":[1.83,1.14],"heldThreatS":[167.5,115.75],"heldSafeS":[7.25,7],"escortDist":13.4,"escortWithin12":76,"water":[],"offWhy":{"near:climb":15,"far":3,"sj":14,"role:escort":1,"near:hop":1,"mode:refill":2,"approach":2},"abortWhy":{"role":56,"death":85},"steamEps":[6,5],"steamEpMed":[1.5,4.25],"ridersSafe3s":[3,1.43],"aliveSafe3s":[4,4],"safe3sS":[0.5,3.5],"escortMed":6.048706232621413,"escortP80":13.664072054359599,"backupMed":4.892740439075782},"sideStuckS":0,"splats":137}
