[18840:1009/131314.252494:ERROR:ui/gl/angle_platform_impl.cc:48] mtl_command_buffer.mm:690 (onCommandBufferCompleted): Completed MTLCommandBuffer failed, and error is Caused GPU Hang Error (00000003:kIOGPUCommandBufferCallbackErrorHang)
[18840:1009/131328.749943:ERROR:ui/gl/angle_platform_impl.cc:48] mtl_command_buffer.mm:690 (onCommandBufferCompleted): Completed MTLCommandBuffer failed, and error is Caused GPU Hang Error (00000003:kIOGPUCommandBufferCallbackErrorHang)
[18840:1009/131328.829437:ERROR:ui/gl/angle_platform_impl.cc:48] mtl_command_buffer.mm:690 (onCommandBufferCompleted): Completed MTLCommandBuffer failed, and error is Ignored (for causing prior/excessive GPU errors) (00000004:kIOGPUCommandBufferCallbackErrorSubmissionsIgnored)
[18840:1009/131328.846281:ERROR:ui/gl/angle_platform_impl.cc:48] mtl_command_buffer.mm:690 (onCommandBufferCompleted): Completed MTLCommandBuffer failed, and error is Ignored (for causing prior/excessive GPU errors) (00000004:kIOGPUCommandBufferCallbackErrorSubmissionsIgnored)
[18840:1009/131328.884773:ERROR:ui/gl/angle_platform_impl.cc:48] mtl_command_buffer.mm:690 (onCommandBufferCompleted): Completed MTLCommandBuffer failed, and error is Ignored (for causing prior/excessive GPU errors) (00000004:kIOGPUCommandBufferCallbackErrorSubmissionsIgnored)
[18840:1009/131328.968731:ERROR:ui/gl/angle_platform_impl.cc:48] mtl_command_buffer.mm:690 (onCommandBufferCompleted): Completed MTLCommandBuffer failed, and error is Ignored (for causing prior/excessive GPU errors) (00000004:kIOGPUCommandBufferCallbackErrorSubmissionsIgnored)
[18840:1009/131328.976074:ERROR:ui/gl/angle_platform_impl.cc:48] mtl_command_buffer.mm:690 (onCommandBufferCompleted): Completed MTLCommandBuffer failed, and error is Ignored (for causing prior/excessive GPU errors) (00000004:kIOGPUCommandBufferCallbackErrorSubmissionsIgnored)
[18840:1009/131329.010927:ERROR:ui/gl/angle_platform_impl.cc:48] mtl_command_buffer.mm:690 (onCommandBufferCompleted): Completed MTLCommandBuffer failed, and error is Ignored (for causing prior/excessive GPU errors) (00000004:kIOGPUCommandBufferCallbackErrorSubmissionsIgnored)
[18840:1009/131329.080202:ERROR:ui/gl/angle_platform_impl.cc:48] mtl_command_buffer.mm:690 (onCommandBufferCompleted): Completed MTLCommandBuffer failed, and error is Ignored (for causing prior/excessive GPU errors) (00000004:kIOGPUCommandBufferCallbackErrorSubmissionsIgnored)
[18840:1009/131329.146822:ERROR:ui/gl/angle_platform_impl.cc:48] mtl_command_buffer.mm:690 (onCommandBufferCompleted): Completed MTLCommandBuffer failed, and error is Ignored (for causing prior/excessive GPU errors) (00000004:kIOGPUCommandBufferCallbackErrorSubmissionsIgnored)
[18840:1009/131329.236658:ERROR:ui/gl/angle_platform_impl.cc:48] mtl_command_buffer.mm:690 (onCommandBufferCompleted): Completed MTLCommandBuffer failed, and error is Ignored (for causing prior/excessive GPU errors) (00000004:kIOGPUCommandBufferCallbackErrorSubmissionsIgnored)
[18840:1009/131329.339647:ERROR:ui/gl/angle_platform_impl.cc:48] mtl_command_buffer.mm:690 (onCommandBufferCompleted): Completed MTLCommandBuffer failed, and error is Ignored (for causing prior/excessive GPU errors) (00000004:kIOGPUCommandBufferCallbackErrorSubmissionsIgnored)
[18840:1009/131329.468987:ERROR:ui/gl/angle_platform_impl.cc:48] mtl_command_buffer.mm:690 (onCommandBufferCompleted): Completed MTLCommandBuffer failed, and error is Ignored (for causing prior/excessive GPU errors) (00000004:kIOGPUCommandBufferCallbackErrorSubmissionsIgnored)
[18840:1009/131329.558354:ERROR:ui/gl/angle_platform_impl.cc:48] mtl_command_buffer.mm:690 (onCommandBufferCompleted): Completed MTLCommandBuffer failed, and error is Ignored (for causing prior/excessive GPU errors) (00000004:kIOGPUCommandBufferCallbackErrorSubmissionsIgnored)
[18840:1009/131329.616148:ERROR:ui/gl/angle_platform_impl.cc:48] mtl_command_buffer.mm:690 (onCommandBufferCompleted): Completed MTLCommandBuffer failed, and error is Ignored (for causing prior/excessive GPU errors) (00000004:kIOGPUCommandBufferCallbackErrorSubmissionsIgnored)
[18840:1009/131329.616346:ERROR:ui/gl/angle_platform_impl.cc:48] mtl_command_buffer.mm:690 (onCommandBufferCompleted): Completed MTLCommandBuffer failed, and error is Ignored (for causing prior/excessive GPU errors) (00000004:kIOGPUCommandBufferCallbackErrorSubmissionsIgnored)
== caldera [zones]: winner Bravo (time) | final 72 vs 69 (penalty +17.5/+0) | OT no
   held A 58.5s B 77.3s neutral 164s | captures 9 (takeovers 4), control events 17, first capture @42s | rotations 7
   teams: A [twins/storm brush/zooka bow/bubbler bucket/strike] far 43%, near 32%, dead 22%, jump 3% | B [twins/storm brush/zooka bow/bubbler bucket/strike] far 44%, near 36%, dead 17%, jump 3%
   bot-time: {"far":44,"near":34,"dead":19,"jump":3} (far by mode {"paint":2262,"fight":1253,"refill":108,"retreat":578}) | specials ready 19
   bots in the active zone 72.3% of the time | avg inside A 0.51 B 0.64 | within 12 m A 1.1 B 1.3
   roles (% of bot-time) {"paint":56,"watch":6,"stage":12,"push":7} | holding on purpose 5.7%
   per bot: turf 1747p, on-zone ink 658p, splats 10.5 → XP beyond the win/lose base ≈ 2126
   stuck 0.3% | splats 84 (water 1) | specials 17 | super jumps 33 | turf 26.9/27.3 | sim 300s in 75s (wall 75s) | {"cpuSimMs":2.43}
   penalties [{"team":1,"p":20,"start":100,"end":74.7},{"team":0,"p":20,"start":100,"end":74.7},{"team":1,"p":16,"start":94.7,"end":73.8},{"team":0,"p":8,"start":91.9,"end":81.4}]
   control log 42:B@center 57.5:N@sideB 68.1:B@sideB 87.6:N@sideB 114.6:A@center 133.4:N@center 168:A@sideA 186.4:N@center 193.3:B@center 211.1:N@center 215.4:B@center 218.6:N@sideA 232.9:A@sideA 253.9:N@center 264.1:B@center 277.8:N@center 292.1:B@center
   best shares per activation center@0-57s A68/B100 | sideB@58-100s A72/B100 | center@100-143s A100/B64 | sideA@143-186s A100/B29 | center@187-218s A48/B100 | sideA@219-254s A100/B75 | center@254-300s A51/B100
   reachable cells center0:1520/1520 R6.9 nodes84 side1:1352/1352 R8.1 nodes75 side2:1352/1352 R8.1 nodes76 | retake pushes A 4 B 3
   loadouts A:twins+sticky/storm A:brush+bomb/zooka A:bow+seeker/bubbler A:bucket+burst/strike B:twins+sticky/storm B:brush+bomb/zooka B:bow+seeker/bubbler B:bucket+burst/strike
   by weapon (players, splats dealt, deaths, avg turf) twins×2 34/21 2424p · brush×2 15/34 1138p · bow×2 24/8 1872p · bucket×2 11/21 1554p
   splats by cause {"drop":9,"slosh":11,"shot":33,"bow":24,"brush":6,"water":1}
   special uses A {"bubbler":4,"storm":3,"strike":2} B {"storm":3,"bubbler":3,"strike":2}
   SURF uses 0 thrown 0 anchored 0 lost 0 popped 0 | rings 0 hits 0 (marks 0, ring splats 0) dodged 0 | ink 0 m² in 0 splats | turf from it A 0 of 7078 · B 0 of 6899 | assists A 12 B 14 {"jumps":0,"byDamage":26,"byJump":0,"credited":26} | bots {"throws":0,"atFoes":0,"atObj":0,"atTurf":0,"noticed":0,"missed":0,"jumps":0,"shots":0}
   enemy specials AI on | splatted by specials: A 0 {} · B 0 {} | K/D A 37/47 B 47/37 | {"noticed":182,"missed":0,"escapes":64,"evaded":37,"caught":0,"avoidedPath":47,"goalMoved":104,"guard":5,"backedOff":8,"retargeted":14,"heldFire":1.483333333333333,"knockShots":0,"reengaged":9,"bubbleHold":0,"popShots":0,"hops":0,"hunted":1,"splattedBy":{}}
   sight: fighting 648 bot-s, trigger held 231 s | foe out of sight 21.5% of fight time, aim still on it 87.6% of that | shooting at nothing 19.5% of trigger time (18% straight at the hidden foe; 1% while it still thinks it sees it, 18.4% a charge held, 0.1% shots) | bots 23.09 ms per sim s (looking 1.15) | {"checks":8950,"rays":14096,"deferred":0,"seen":1038,"lost":523,"cleared":31,"expired":43,"located":1172,"jumps":97,"hits":7,"sprays":6,"memBombs":8,"hunts":152}
   wall climbs (at the wall): {"tries":8,"done":1,"stalled":1,"dry":0,"long":0}
   stuck {"t":31.3,"name":"Moxie","w":"bow","mode":"refill","role":"paint","pos":[-8.7,1.4,-10.3],"path":true,"hold":false,"pod":"-","dur":2.25}
   stuck {"t":157.5,"name":"Riptide","w":"bow","mode":"fight","role":"paint","pos":[3,1.2,-13.5],"path":true,"hold":false,"pod":"-","dur":0.5}
   stuck {"t":78.5,"name":"Riptide","w":"bow","mode":"paint","role":"watch","pos":[22.8,3.6,34.2],"path":true,"hold":true,"pod":"-","dur":0.25}
   stuck {"t":83.5,"name":"Riptide","w":"bow","mode":"paint","role":"watch","pos":[18.8,3.6,38.2],"path":true,"hold":true,"pod":"-","dur":0.25}
   stuck {"t":93.3,"name":"Moxie","w":"bow","mode":"fight","role":"paint","pos":[9.6,1.8,26.7],"path":true,"hold":false,"pod":"-","dur":0.25}
   stuck {"t":117,"name":"Marlo","w":"brush","mode":"fight","role":"push","pos":[0.1,1.8,3.8],"path":true,"hold":false,"pod":"-","dur":0.25}
CONSOLE 1 unique warning/error line(s)
  [warning] [inkwave] no lightmap for caldera Unexpected token 'N', "Not found" is not valid JSON
RESULT_JSON {"simT":300,"simMs":74729,"state":"finish","stuckPct":0.3,"splats":84,"water":1,"specials":17,"jumps":33,"cov":[26.9,27.3],"teamKD":[{"k":37,"d":47,"sp":0,"by":{}},{"k":47,"d":37,"sp":0,"by":{}}],"spUses":[{"bubbler":4,"storm":3,"strike":2},{"storm":3,"bubbler":3,"strike":2}],"drainbow":{"placed":0,"passes":0,"cuts":0,"crossings":0,"fizzles":0,"pops":0,"extended":0,"holds":0},"spStats":{"noticed":182,"missed":0,"escapes":64,"evaded":37,"caught":0,"avoidedPath":47,"goalMoved":104,"guard":5,"backedOff":8,"retargeted":14,"heldFire":1.483333333333333,"knockShots":0,"reengaged":9,"bubbleHold":0,"popShots":0,"hops":0,"hunted":1,"splattedBy":{}},"surf":{"stats":{"uses":0,"throws":0,"lands":0,"rings":0,"hits":0,"dodges":0,"marks":0,"kills":0,"splats":0,"turf":0,"popped":0,"lost":0,"rides":0,"lifts":0,"shoves":0,"crushed":0,"falls":0,"reanchors":0},"bots":{"throws":0,"atFoes":0,"atObj":0,"atTurf":0,"noticed":0,"missed":0,"jumps":0,"shots":0},"assists":{"jumps":0,"byDamage":26,"byJump":0,"credited":26},"teams":[{"assists":12,"surfTurf":0,"turf":7078},{"assists":14,"surfTurf":0,"turf":6899}]},"byCause":{"drop":9,"slosh":11,"shot":33,"bow":24,"brush":6,"water":1},"byWeapon":{"twins":{"n":2,"splats":34,"deaths":21,"turf":2424},"brush":{"n":2,"splats":15,"deaths":34,"turf":1138},"bow":{"n":2,"splats":24,"deaths":8,"turf":1872},"bucket":{"n":2,"splats":11,"deaths":21,"turf":1554}},"per":{"turf":1747,"zoneTurf":658,"splats":10.5,"xpVar":2126},"sight":{"fightS":648,"fireS":231,"hidPct":21.5,"blindPct":19.5,"trackPct":87.6,"blindTrackPct":18,"blindBelievedPct":1,"blindChargePct":18.4,"blindShotPct":0.1,"stats":{"checks":8950,"rays":14096,"deferred":0,"seen":1038,"lost":523,"cleared":31,"expired":43,"located":1172,"jumps":97,"hits":7,"sprays":6,"memBombs":8,"hunts":152}},"botMsPerS":23.09,"seeMsPerS":1.15,"frameErr":{"n":0,"msg":""},"eps":[{"t":31.3,"name":"Moxie","w":"bow","mode":"refill","role":"paint","pos":[-8.7,1.4,-10.3],"path":true,"hold":false,"pod":"-","dur":2.25},{"t":157.5,"name":"Riptide","w":"bow","mode":"fight","role":"paint","pos":[3,1.2,-13.5],"path":true,"hold":false,"pod":"-","dur":0.5},{"t":78.5,"name":"Riptide","w":"bow","mode":"paint","role":"watch","pos":[22.8,3.6,34.2],"path":true,"hold":true,"pod":"-","dur":0.25},{"t":83.5,"name":"Riptide","w":"bow","mode":"paint","role":"watch","pos":[18.8,3.6,38.2],"path":true,"hold":true,"pod":"-","dur":0.25},{"t":93.3,"name":"Moxie","w":"bow","mode":"fight","role":"paint","pos":[9.6,1.8,26.7],"path":true,"hold":false,"pod":"-","dur":0.25},{"t":117,"name":"Marlo","w":"brush","mode":"fight","role":"push","pos":[0.1,1.8,3.8],"path":true,"hold":false,"pod":"-","dur":0.25}],"climbs":{"tries":8,"done":1,"stalled":1,"dry":0,"long":0},"holdPct":5.7,"roles":{"paint":56,"watch":6,"stage":12,"push":7},"pods":null,"held":[58.5,77.3],"neutral":164,"captures":9,"controlEvents":17,"takeovers":4,"firstCapture":42,"counts":[72,69],"penalty":[17.5,0],"total":[90,69],"winner":1,"reason":"time","overtime":false,"overtimeT":0,"penalties":[{"team":1,"p":20,"start":100,"end":74.7},{"team":0,"p":20,"start":100,"end":74.7},{"team":1,"p":16,"start":94.7,"end":73.8},{"team":0,"p":8,"start":91.9,"end":81.4}],"rotations":7,"zonePct":72.3,"insideAvg":[0.51,0.64],"nearAvg":[1.1,1.3],"whereT":["far 43%, near 32%, dead 22%, jump 3%","far 44%, near 36%, dead 17%, jump 3%"],"teams":["twins/storm brush/zooka bow/bubbler bucket/strike","twins/storm brush/zooka bow/bubbler bucket/strike"],"where":{"far":44,"near":34,"dead":19,"jump":3},"farMode":{"paint":2262,"fight":1253,"refill":108,"retreat":578},"ready":19,"windows":"center@0-57s A68/B100 | sideB@58-100s A72/B100 | center@100-143s A100/B64 | sideA@143-186s A100/B29 | center@187-218s A48/B100 | sideA@219-254s A100/B75 | center@254-300s A51/B100","reach":"center0:1520/1520 R6.9 nodes84 side1:1352/1352 R8.1 nodes75 side2:1352/1352 R8.1 nodes76 | retake pushes A 4 B 3","log":"42:B@center 57.5:N@sideB 68.1:B@sideB 87.6:N@sideB 114.6:A@center 133.4:N@center 168:A@sideA 186.4:N@center 193.3:B@center 211.1:N@center 215.4:B@center 218.6:N@sideA 232.9:A@sideA 253.9:N@center 264.1:B@center 277.8:N@center 292.1:B@center","map":"caldera","mode":"zones","loadouts":"A:twins+sticky/storm A:brush+bomb/zooka A:bow+seeker/bubbler A:bucket+burst/strike B:twins+sticky/storm B:brush+bomb/zooka B:bow+seeker/bubbler B:bucket+burst/strike","tune":"","consoleLines":1,"specialAI":"on","spCharge":1}
[18840:1009/131335.322082:ERROR:ui/gl/angle_platform_impl.cc:48] mtl_command_buffer.mm:690 (onCommandBufferCompleted): Completed MTLCommandBuffer failed, and error is Ignored (for causing prior/excessive GPU errors) (00000004:kIOGPUCommandBufferCallbackErrorSubmissionsIgnored)
